This is pdfTeX, Version 3.141592653-2.6-1.40.29 (TeX Live 2026/Arch Linux) (preloaded format=pdflatex 2026.9.17)  6 OCT 2026 17:19
entering extended mode
 restricted \write18 enabled.
 %&-line parsing enabled.
**interim_report.tex
(./interim_report.tex
LaTeX2e <2025-11-01>
L3 programming layer <2026-01-19>
(/usr/share/texmf-dist/tex/latex/base/report.cls
Document Class: report 2025/01/22 v1.4n Standard LaTeX document class
(/usr/share/texmf-dist/tex/latex/base/size12.clo
File: size12.clo 2025/01/22 v1.4n Standard LaTeX file (size option)
)
\c@part=\count275
\c@chapter=\count276
\c@section=\count277
\c@subsection=\count278
\c@subsubsection=\count279
\c@paragraph=\count280
\c@subparagraph=\count281
\c@figure=\count282
\c@table=\count283
\abovecaptionskip=\skip49
\belowcaptionskip=\skip50
\bibindent=\dimen148
)
(/usr/share/texmf-dist/tex/latex/base/inputenc.sty
Package: inputenc 2024/02/08 v1.3d Input encoding file
\inpenc@prehook=\toks17
\inpenc@posthook=\toks18
)
(/usr/share/texmf-dist/tex/latex/base/fontenc.sty
Package: fontenc 2025/07/18 v2.1d Standard LaTeX package
)
(/usr/share/texmf-dist/tex/latex/lm/lmodern.sty
Package: lmodern 2015/05/01 v1.6.1 Latin Modern Fonts
LaTeX Font Info:    Overwriting symbol font `operators' in version `normal'
(Font)                  OT1/cmr/m/n --> OT1/lmr/m/n on input line 22.
LaTeX Font Info:    Overwriting symbol font `letters' in version `normal'
(Font)                  OML/cmm/m/it --> OML/lmm/m/it on input line 23.
LaTeX Font Info:    Overwriting symbol font `symbols' in version `normal'
(Font)                  OMS/cmsy/m/n --> OMS/lmsy/m/n on input line 24.
LaTeX Font Info:    Overwriting symbol font `largesymbols' in version `normal'
(Font)                  OMX/cmex/m/n --> OMX/lmex/m/n on input line 25.
LaTeX Font Info:    Overwriting symbol font `operators' in version `bold'
(Font)                  OT1/cmr/bx/n --> OT1/lmr/bx/n on input line 26.
LaTeX Font Info:    Overwriting symbol font `letters' in version `bold'
(Font)                  OML/cmm/b/it --> OML/lmm/b/it on input line 27.
LaTeX Font Info:    Overwriting symbol font `symbols' in version `bold'
(Font)                  OMS/cmsy/b/n --> OMS/lmsy/b/n on input line 28.
LaTeX Font Info:    Overwriting symbol font `largesymbols' in version `bold'
(Font)                  OMX/cmex/m/n --> OMX/lmex/m/n on input line 29.
LaTeX Font Info:    Overwriting math alphabet `\mathbf' in version `normal'
(Font)                  OT1/cmr/bx/n --> OT1/lmr/bx/n on input line 31.
LaTeX Font Info:    Overwriting math alphabet `\mathsf' in version `normal'
(Font)                  OT1/cmss/m/n --> OT1/lmss/m/n on input line 32.
LaTeX Font Info:    Overwriting math alphabet `\mathit' in version `normal'
(Font)                  OT1/cmr/m/it --> OT1/lmr/m/it on input line 33.
LaTeX Font Info:    Overwriting math alphabet `\mathtt' in version `normal'
(Font)                  OT1/cmtt/m/n --> OT1/lmtt/m/n on input line 34.
LaTeX Font Info:    Overwriting math alphabet `\mathbf' in version `bold'
(Font)                  OT1/cmr/bx/n --> OT1/lmr/bx/n on input line 35.
LaTeX Font Info:    Overwriting math alphabet `\mathsf' in version `bold'
(Font)                  OT1/cmss/bx/n --> OT1/lmss/bx/n on input line 36.
LaTeX Font Info:    Overwriting math alphabet `\mathit' in version `bold'
(Font)                  OT1/cmr/bx/it --> OT1/lmr/bx/it on input line 37.
LaTeX Font Info:    Overwriting math alphabet `\mathtt' in version `bold'
(Font)                  OT1/cmtt/m/n --> OT1/lmtt/m/n on input line 38.
)
(/usr/share/texmf-dist/tex/latex/geometry/geometry.sty
Package: geometry 2020/01/02 v5.9 Page Geometry

(/usr/share/texmf-dist/tex/latex/graphics/keyval.sty
Package: keyval 2022/05/29 v1.15 key=value parser (DPC)
\KV@toks@=\toks19
)
(/usr/share/texmf-dist/tex/generic/iftex/ifvtex.sty
Package: ifvtex 2019/10/25 v1.7 ifvtex legacy package. Use iftex instead.

(/usr/share/texmf-dist/tex/generic/iftex/iftex.sty
Package: iftex 2024/12/12 v1.0g TeX engine tests
))
\Gm@cnth=\count284
\Gm@cntv=\count285
\c@Gm@tempcnt=\count286
\Gm@bindingoffset=\dimen149
\Gm@wd@mp=\dimen150
\Gm@odd@mp=\dimen151
\Gm@even@mp=\dimen152
\Gm@layoutwidth=\dimen153
\Gm@layoutheight=\dimen154
\Gm@layouthoffset=\dimen155
\Gm@layoutvoffset=\dimen156
\Gm@dimlist=\toks20
)
(/usr/share/texmf-dist/tex/latex/setspace/setspace.sty
Package: setspace 2022/12/04 v6.7b set line spacing
)
(/usr/share/texmf-dist/tex/latex/microtype/microtype.sty
Package: microtype 2026/03/01 v3.2d Micro-typographical refinements (RS)

(/usr/share/texmf-dist/tex/latex/etoolbox/etoolbox.sty
Package: etoolbox 2025/10/02 v2.5m e-TeX tools for LaTeX (JAW)
\etb@tempcnta=\count287
)
\MT@toks=\toks21
\MT@tempbox=\box53
\MT@count=\count288
LaTeX Info: Redefining \noprotrusionifhmode on input line 1084.
LaTeX Info: Redefining \leftprotrusion on input line 1085.
\MT@prot@toks=\toks22
LaTeX Info: Redefining \rightprotrusion on input line 1104.
LaTeX Info: Redefining \textls on input line 1449.
\MT@outer@kern=\dimen157
LaTeX Info: Redefining \microtypecontext on input line 2053.
LaTeX Info: Redefining \textmicrotypecontext on input line 2070.
\MT@listname@count=\count289

(/usr/share/texmf-dist/tex/latex/microtype/microtype-pdftex.def
File: microtype-pdftex.def 2026/03/01 v3.2d Definitions specific to pdftex (RS)

LaTeX Info: Redefining \lsstyle on input line 944.
LaTeX Info: Redefining \lslig on input line 944.
\MT@outer@space=\skip51
)
Package microtype Info: Loading configuration file microtype.cfg.

(/usr/share/texmf-dist/tex/latex/microtype/microtype.cfg
File: microtype.cfg 2026/03/01 v3.2d microtype main configuration file (RS)
)
LaTeX Info: Redefining \microtypesetup on input line 3065.
)
(/usr/share/texmf-dist/tex/latex/amsmath/amsmath.sty
Package: amsmath 2025/07/09 v2.17z AMS math features
\@mathmargin=\skip52

For additional information on amsmath, use the `?' option.
(/usr/share/texmf-dist/tex/latex/amsmath/amstext.sty
Package: amstext 2024/11/17 v2.01 AMS text

(/usr/share/texmf-dist/tex/latex/amsmath/amsgen.sty
File: amsgen.sty 1999/11/30 v2.0 generic functions
\@emptytoks=\toks23
\ex@=\dimen158
))
(/usr/share/texmf-dist/tex/latex/amsmath/amsbsy.sty
Package: amsbsy 1999/11/29 v1.2d Bold Symbols
\pmbraise@=\dimen159
)
(/usr/share/texmf-dist/tex/latex/amsmath/amsopn.sty
Package: amsopn 2022/04/08 v2.04 operator names
)
\inf@bad=\count290
LaTeX Info: Redefining \frac on input line 233.
\uproot@=\count291
\leftroot@=\count292
LaTeX Info: Redefining \overline on input line 398.
LaTeX Info: Redefining \colon on input line 409.
\classnum@=\count293
\DOTSCASE@=\count294
LaTeX Info: Redefining \ldots on input line 495.
LaTeX Info: Redefining \dots on input line 498.
LaTeX Info: Redefining \cdots on input line 619.
\Mathstrutbox@=\box54
\strutbox@=\box55
LaTeX Info: Redefining \big on input line 721.
LaTeX Info: Redefining \Big on input line 722.
LaTeX Info: Redefining \bigg on input line 723.
LaTeX Info: Redefining \Bigg on input line 724.
\big@size=\dimen160
LaTeX Font Info:    Redeclaring font encoding OML on input line 742.
LaTeX Font Info:    Redeclaring font encoding OMS on input line 743.
\macc@depth=\count295
LaTeX Info: Redefining \bmod on input line 904.
LaTeX Info: Redefining \pmod on input line 909.
LaTeX Info: Redefining \smash on input line 939.
LaTeX Info: Redefining \relbar on input line 969.
LaTeX Info: Redefining \Relbar on input line 970.
\c@MaxMatrixCols=\count296
\dotsspace@=\muskip17
\c@parentequation=\count297
\dspbrk@lvl=\count298
\tag@help=\toks24
\row@=\count299
\column@=\count300
\maxfields@=\count301
\andhelp@=\toks25
\eqnshift@=\dimen161
\alignsep@=\dimen162
\tagshift@=\dimen163
\tagwidth@=\dimen164
\totwidth@=\dimen165
\lineht@=\dimen166
\@envbody=\toks26
\multlinegap=\skip53
\multlinetaggap=\skip54
\mathdisplay@stack=\toks27
LaTeX Info: Redefining \[ on input line 2950.
LaTeX Info: Redefining \] on input line 2951.
)
(/usr/share/texmf-dist/tex/latex/amsfonts/amssymb.sty
Package: amssymb 2013/01/14 v3.01 AMS font symbols

(/usr/share/texmf-dist/tex/latex/amsfonts/amsfonts.sty
Package: amsfonts 2013/01/14 v3.01 Basic AMSFonts support
\symAMSa=\mathgroup4
\symAMSb=\mathgroup5
LaTeX Font Info:    Redeclaring math symbol \hbar on input line 98.
LaTeX Font Info:    Overwriting math alphabet `\mathfrak' in version `bold'
(Font)                  U/euf/m/n --> U/euf/b/n on input line 106.
))
(/usr/share/texmf-dist/tex/latex/booktabs/booktabs.sty
Package: booktabs 2020/01/12 v1.61803398 Publication quality tables
\heavyrulewidth=\dimen167
\lightrulewidth=\dimen168
\cmidrulewidth=\dimen169
\belowrulesep=\dimen170
\belowbottomsep=\dimen171
\aboverulesep=\dimen172
\abovetopsep=\dimen173
\cmidrulesep=\dimen174
\cmidrulekern=\dimen175
\defaultaddspace=\dimen176
\@cmidla=\count302
\@cmidlb=\count303
\@aboverulesep=\dimen177
\@belowrulesep=\dimen178
\@thisruleclass=\count304
\@lastruleclass=\count305
\@thisrulewidth=\dimen179
)
(/usr/share/texmf-dist/tex/latex/tools/longtable.sty
Package: longtable 2025-10-13 v4.24 Multi-page Table package (DPC)
\LTleft=\skip55
\LTright=\skip56
\LTpre=\skip57
\LTpost=\skip58
\LTchunksize=\count306
\LTcapwidth=\dimen180
\LT@head=\box56
\LT@firsthead=\box57
\LT@foot=\box58
\LT@lastfoot=\box59
\LT@gbox=\box60
\LT@cols=\count307
\LT@rows=\count308
\c@LT@tables=\count309
\c@LT@chunks=\count310
\LT@p@ftn=\toks28
)
(/usr/share/texmf-dist/tex/latex/tools/tabularx.sty
Package: tabularx 2023/12/11 v2.12a `tabularx' package (DPC)

(/usr/share/texmf-dist/tex/latex/tools/array.sty
Package: array 2025/09/25 v2.6n Tabular extension package (FMi)
\col@sep=\dimen181
\ar@mcellbox=\box61
\extrarowheight=\dimen182
\NC@list=\toks29
\extratabsurround=\skip59
\backup@length=\skip60
\ar@cellbox=\box62
)
\TX@col@width=\dimen183
\TX@old@table=\dimen184
\TX@old@col=\dimen185
\TX@target=\dimen186
\TX@delta=\dimen187
\TX@cols=\count311
\TX@ftn=\toks30
)
(/usr/share/texmf-dist/tex/latex/graphics/graphicx.sty
Package: graphicx 2024/12/31 v1.2e Enhanced LaTeX Graphics (DPC,SPQR)

(/usr/share/texmf-dist/tex/latex/graphics/graphics.sty
Package: graphics 2024/08/06 v1.4g Standard LaTeX Graphics (DPC,SPQR)

(/usr/share/texmf-dist/tex/latex/graphics/trig.sty
Package: trig 2023/12/02 v1.11 sin cos tan (DPC)
)
(/usr/share/texmf-dist/tex/latex/graphics-cfg/graphics.cfg
File: graphics.cfg 2016/06/04 v1.11 sample graphics configuration
)
Package graphics Info: Driver file: pdftex.def on input line 106.

(/usr/share/texmf-dist/tex/latex/graphics-def/pdftex.def
File: pdftex.def 2025/09/29 v1.2d Graphics/color driver for pdftex
))
\Gin@req@height=\dimen188
\Gin@req@width=\dimen189
)
(/usr/share/texmf-dist/tex/latex/float/float.sty
Package: float 2001/11/08 v1.3d Float enhancements (AL)
\c@float@type=\count312
\float@exts=\toks31
\float@box=\box63
\@float@everytoks=\toks32
\@floatcapt=\box64
)
(/usr/share/texmf-dist/tex/latex/caption/caption.sty
Package: caption 2023/08/05 v3.6o Customizing captions (AR)

(/usr/share/texmf-dist/tex/latex/caption/caption3.sty
Package: caption3 2023/07/31 v2.4d caption3 kernel (AR)
\caption@tempdima=\dimen190
\captionmargin=\dimen191
\caption@leftmargin=\dimen192
\caption@rightmargin=\dimen193
\caption@width=\dimen194
\caption@indent=\dimen195
\caption@parindent=\dimen196
\caption@hangindent=\dimen197
Package caption Info: Standard document class detected.
)
\c@caption@flags=\count313
\c@continuedfloat=\count314
Package caption Info: float package is loaded.
Package caption Info: longtable package is loaded.

(/usr/share/texmf-dist/tex/latex/caption/ltcaption.sty
Package: ltcaption 2021/01/08 v1.4c longtable captions (AR)
))
(/usr/share/texmf-dist/tex/latex/caption/subcaption.sty
Package: subcaption 2023/07/28 v1.6b Sub-captions (AR)
Package caption Info: New subtype `subfigure' on input line 238.
\c@subfigure=\count315
Package caption Info: New subtype `subtable' on input line 238.
\c@subtable=\count316
)
(/usr/share/texmf-dist/tex/latex/enumitem/enumitem.sty
Package: enumitem 2025/02/06 v3.11 Customized lists
\labelindent=\skip61
\enit@outerparindent=\dimen198
\enit@toks=\toks33
\enit@inbox=\box65
\enit@count@id=\count317
\enitdp@description=\count318
)
(/usr/share/texmf-dist/tex/latex/xcolor/xcolor.sty
Package: xcolor 2024/09/29 v3.02 LaTeX color extensions (UK)

(/usr/share/texmf-dist/tex/latex/graphics-cfg/color.cfg
File: color.cfg 2016/01/02 v1.6 sample color configuration
)
Package xcolor Info: Driver file: pdftex.def on input line 274.

(/usr/share/texmf-dist/tex/latex/graphics/mathcolor.ltx)
Package xcolor Info: Model `cmy' substituted by `cmy0' on input line 1349.
Package xcolor Info: Model `hsb' substituted by `rgb' on input line 1353.
Package xcolor Info: Model `RGB' extended on input line 1365.
Package xcolor Info: Model `HTML' substituted by `rgb' on input line 1367.
Package xcolor Info: Model `Hsb' substituted by `hsb' on input line 1368.
Package xcolor Info: Model `tHsb' substituted by `hsb' on input line 1369.
Package xcolor Info: Model `HSB' substituted by `hsb' on input line 1370.
Package xcolor Info: Model `Gray' substituted by `gray' on input line 1371.
Package xcolor Info: Model `wave' substituted by `hsb' on input line 1372.
)
(/usr/share/texmf-dist/tex/latex/url/url.sty
\Urlmuskip=\muskip18
Package: url 2013/09/16  ver 3.4  Verb mode for urls, etc.
)
(/usr/share/texmf-dist/tex/latex/xurl/xurl.sty
Package: xurl 2022/01/09 v 0.10 modify URL breaks
)
(/usr/share/texmf-dist/tex/latex/hyperref/hyperref.sty
Package: hyperref 2026-01-29 v7.01p Hypertext links for LaTeX

(/usr/share/texmf-dist/tex/latex/kvsetkeys/kvsetkeys.sty
Package: kvsetkeys 2022-10-05 v1.19 Key value parser (HO)
)
(/usr/share/texmf-dist/tex/generic/kvdefinekeys/kvdefinekeys.sty
Package: kvdefinekeys 2019-12-19 v1.6 Define keys (HO)
)
(/usr/share/texmf-dist/tex/generic/pdfescape/pdfescape.sty
Package: pdfescape 2019/12/09 v1.15 Implements pdfTeX's escape features (HO)

(/usr/share/texmf-dist/tex/generic/ltxcmds/ltxcmds.sty
Package: ltxcmds 2023-12-04 v1.26 LaTeX kernel commands for general use (HO)
)
(/usr/share/texmf-dist/tex/generic/pdftexcmds/pdftexcmds.sty
Package: pdftexcmds 2020-06-27 v0.33 Utility functions of pdfTeX for LuaTeX (HO
)

(/usr/share/texmf-dist/tex/generic/infwarerr/infwarerr.sty
Package: infwarerr 2019/12/03 v1.5 Providing info/warning/error messages (HO)
)
Package pdftexcmds Info: \pdf@primitive is available.
Package pdftexcmds Info: \pdf@ifprimitive is available.
Package pdftexcmds Info: \pdfdraftmode found.
))
(/usr/share/texmf-dist/tex/latex/hycolor/hycolor.sty
Package: hycolor 2020-01-27 v1.10 Color options for hyperref/bookmark (HO)
)
(/usr/share/texmf-dist/tex/latex/hyperref/nameref.sty
Package: nameref 2026-01-29 v2.58 Cross-referencing by name of section

(/usr/share/texmf-dist/tex/latex/refcount/refcount.sty
Package: refcount 2019/12/15 v3.6 Data extraction from label references (HO)
)
(/usr/share/texmf-dist/tex/generic/gettitlestring/gettitlestring.sty
Package: gettitlestring 2019/12/15 v1.6 Cleanup title references (HO)

(/usr/share/texmf-dist/tex/latex/kvoptions/kvoptions.sty
Package: kvoptions 2022-06-15 v3.15 Key value format for package options (HO)
))
\c@section@level=\count319
)
(/usr/share/texmf-dist/tex/generic/stringenc/stringenc.sty
Package: stringenc 2019/11/29 v1.12 Convert strings between diff. encodings (HO
)
)
\@linkdim=\dimen199
\Hy@linkcounter=\count320
\Hy@pagecounter=\count321

(/usr/share/texmf-dist/tex/latex/hyperref/pd1enc.def
File: pd1enc.def 2026-01-29 v7.01p Hyperref: PDFDocEncoding definition (HO)
Now handling font encoding PD1 ...
... no UTF-8 mapping file for font encoding PD1
)
(/usr/share/texmf-dist/tex/generic/intcalc/intcalc.sty
Package: intcalc 2019/12/15 v1.3 Expandable calculations with integers (HO)
)
\Hy@SavedSpaceFactor=\count322

(/usr/share/texmf-dist/tex/latex/hyperref/puenc.def
File: puenc.def 2026-01-29 v7.01p Hyperref: PDF Unicode definition (HO)
Now handling font encoding PU ...
... no UTF-8 mapping file for font encoding PU
)
Package hyperref Info: Hyper figures OFF on input line 4201.
Package hyperref Info: Link nesting OFF on input line 4206.
Package hyperref Info: Hyper index ON on input line 4209.
Package hyperref Info: Plain pages OFF on input line 4216.
Package hyperref Info: Backreferencing OFF on input line 4221.
Package hyperref Info: Implicit mode ON; LaTeX internals redefined.
Package hyperref Info: Bookmarks ON on input line 4468.
\c@Hy@tempcnt=\count323
LaTeX Info: Redefining \url on input line 4807.
\XeTeXLinkMargin=\dimen256

(/usr/share/texmf-dist/tex/generic/bitset/bitset.sty
Package: bitset 2019/12/09 v1.3 Handle bit-vector datatype (HO)

(/usr/share/texmf-dist/tex/generic/bigintcalc/bigintcalc.sty
Package: bigintcalc 2019/12/15 v1.5 Expandable calculations on big integers (HO
)
))
\Fld@menulength=\count324
\Field@Width=\dimen257
\Fld@charsize=\dimen258
Package hyperref Info: Hyper figures OFF on input line 6084.
Package hyperref Info: Link nesting OFF on input line 6089.
Package hyperref Info: Hyper index ON on input line 6092.
Package hyperref Info: backreferencing OFF on input line 6099.
Package hyperref Info: Link coloring OFF on input line 6104.
Package hyperref Info: Link coloring with OCG OFF on input line 6109.
Package hyperref Info: PDF/A mode OFF on input line 6114.
\Hy@abspage=\count325
\c@Item=\count326
\c@Hfootnote=\count327
)
Package hyperref Info: Driver (autodetected): hpdftex.

(/usr/share/texmf-dist/tex/latex/hyperref/hpdftex.def
File: hpdftex.def 2026-01-29 v7.01p Hyperref driver for pdfTeX
\Fld@listcount=\count328
\c@bookmark@seq@number=\count329

(/usr/share/texmf-dist/tex/latex/rerunfilecheck/rerunfilecheck.sty
Package: rerunfilecheck 2025-06-21 v1.11 Rerun checks for auxiliary files (HO)

(/usr/share/texmf-dist/tex/generic/uniquecounter/uniquecounter.sty
Package: uniquecounter 2019/12/15 v1.4 Provide unlimited unique counter (HO)
)
Package uniquecounter Info: New unique counter `rerunfilecheck' on input line 2
84.
)
\Hy@SectionHShift=\skip62
)
(/usr/share/texmf-dist/tex/latex/biblatex/biblatex.sty
Package: biblatex 2025/07/10 v3.21 programmable bibliographies (PK/MW)

(/usr/share/texmf-dist/tex/latex/logreq/logreq.sty
Package: logreq 2010/08/04 v1.0 xml request logger
\lrq@indent=\count330

(/usr/share/texmf-dist/tex/latex/logreq/logreq.def
File: logreq.def 2010/08/04 v1.0 logreq spec v1.0
))
(/usr/share/texmf-dist/tex/latex/base/ifthen.sty
Package: ifthen 2024/03/16 v1.1e Standard LaTeX ifthen package (DPC)
)
\c@tabx@nest=\count331
\c@listtotal=\count332
\c@listcount=\count333
\c@liststart=\count334
\c@liststop=\count335
\c@citecount=\count336
\c@citetotal=\count337
\c@multicitecount=\count338
\c@multicitetotal=\count339
\c@instcount=\count340
\c@maxnames=\count341
\c@minnames=\count342
\c@maxitems=\count343
\c@minitems=\count344
\c@citecounter=\count345
\c@maxcitecounter=\count346
\c@savedcitecounter=\count347
\c@uniquelist=\count348
\c@uniquename=\count349
\c@refsection=\count350
\c@refsegment=\count351
\c@maxextratitle=\count352
\c@maxextratitleyear=\count353
\c@maxextraname=\count354
\c@maxextradate=\count355
\c@maxextraalpha=\count356
\c@abbrvpenalty=\count357
\c@highnamepenalty=\count358
\c@lownamepenalty=\count359
\c@maxparens=\count360
\c@parenlevel=\count361
\blx@tempcnta=\count362
\blx@tempcntb=\count363
\blx@tempcntc=\count364
\c@blx@maxsection=\count365
\blx@maxsegment@0=\count366
\blx@notetype=\count367
\blx@parenlevel@text=\count368
\blx@parenlevel@foot=\count369
\blx@sectionciteorder@0=\count370
\blx@sectionciteorderinternal@0=\count371
\blx@entrysetcounter=\count372
\blx@biblioinstance=\count373
\labelnumberwidth=\skip63
\labelalphawidth=\skip64
\biblabelsep=\skip65
\bibitemsep=\skip66
\bibnamesep=\skip67
\bibinitsep=\skip68
\bibparsep=\skip69
\bibhang=\skip70
\blx@bcfin=\read2
\blx@bcfout=\write3
\blx@langwohyphens=\language3
\c@mincomprange=\count374
\c@maxcomprange=\count375
\c@mincompwidth=\count376
Package biblatex Info: Trying to load biblatex default data model...
Package biblatex Info: ... file 'blx-dm.def' found.

(/usr/share/texmf-dist/tex/latex/biblatex/blx-dm.def
File: blx-dm.def 2025/07/10 v3.21 biblatex datamodel (PK/MW)
)
Package biblatex Info: Trying to load biblatex style data model...
Package biblatex Info: ... file 'numeric.dbx' not found.
Package biblatex Info: Trying to load biblatex custom data model...
Package biblatex Info: ... file 'biblatex-dm.cfg' not found.
\c@afterword=\count377
\c@savedafterword=\count378
\c@annotator=\count379
\c@savedannotator=\count380
\c@author=\count381
\c@savedauthor=\count382
\c@bookauthor=\count383
\c@savedbookauthor=\count384
\c@commentator=\count385
\c@savedcommentator=\count386
\c@editor=\count387
\c@savededitor=\count388
\c@editora=\count389
\c@savededitora=\count390
\c@editorb=\count391
\c@savededitorb=\count392
\c@editorc=\count393
\c@savededitorc=\count394
\c@foreword=\count395
\c@savedforeword=\count396
\c@holder=\count397
\c@savedholder=\count398
\c@introduction=\count399
\c@savedintroduction=\count400
\c@namea=\count401
\c@savednamea=\count402
\c@nameb=\count403
\c@savednameb=\count404
\c@namec=\count405
\c@savednamec=\count406
\c@translator=\count407
\c@savedtranslator=\count408
\c@shortauthor=\count409
\c@savedshortauthor=\count410
\c@shorteditor=\count411
\c@savedshorteditor=\count412
\c@labelname=\count413
\c@savedlabelname=\count414
\c@institution=\count415
\c@savedinstitution=\count416
\c@lista=\count417
\c@savedlista=\count418
\c@listb=\count419
\c@savedlistb=\count420
\c@listc=\count421
\c@savedlistc=\count422
\c@listd=\count423
\c@savedlistd=\count424
\c@liste=\count425
\c@savedliste=\count426
\c@listf=\count427
\c@savedlistf=\count428
\c@location=\count429
\c@savedlocation=\count430
\c@organization=\count431
\c@savedorganization=\count432
\c@origlocation=\count433
\c@savedoriglocation=\count434
\c@origpublisher=\count435
\c@savedorigpublisher=\count436
\c@publisher=\count437
\c@savedpublisher=\count438
\c@language=\count439
\c@savedlanguage=\count440
\c@origlanguage=\count441
\c@savedoriglanguage=\count442
\c@pageref=\count443
\c@savedpageref=\count444
\shorthandwidth=\skip71
\shortjournalwidth=\skip72
\shortserieswidth=\skip73
\shorttitlewidth=\skip74
\shortauthorwidth=\skip75
\shorteditorwidth=\skip76
\locallabelnumberwidth=\skip77
\locallabelalphawidth=\skip78
\localshorthandwidth=\skip79
\localshortjournalwidth=\skip80
\localshortserieswidth=\skip81
\localshorttitlewidth=\skip82
\localshortauthorwidth=\skip83
\localshorteditorwidth=\skip84
Package biblatex Info: Trying to load compatibility code...
Package biblatex Info: ... file 'blx-compat.def' found.

(/usr/share/texmf-dist/tex/latex/biblatex/blx-compat.def
File: blx-compat.def 2025/07/10 v3.21 biblatex compatibility (PK/MW)
)
Package biblatex Info: Trying to load generic definitions...
Package biblatex Info: ... file 'biblatex.def' found.

(/usr/share/texmf-dist/tex/latex/biblatex/biblatex.def
File: biblatex.def 2025/07/10 v3.21 biblatex compatibility (PK/MW)
\c@textcitecount=\count445
\c@textcitetotal=\count446
\c@textcitemaxnames=\count447
\c@biburlbigbreakpenalty=\count448
\c@biburlbreakpenalty=\count449
\c@biburlnumpenalty=\count450
\c@biburlucpenalty=\count451
\c@biburllcpenalty=\count452
\biburlbigskip=\muskip19
\biburlnumskip=\muskip20
\biburlucskip=\muskip21
\biburllcskip=\muskip22
\c@smartand=\count453
)
Package biblatex Info: Trying to load bibliography style 'numeric'...
Package biblatex Info: ... file 'numeric.bbx' found.

(/usr/share/texmf-dist/tex/latex/biblatex/bbx/numeric.bbx
File: numeric.bbx 2025/07/10 v3.21 biblatex bibliography style (PK/MW)
Package biblatex Info: Trying to load bibliography style 'standard'...
Package biblatex Info: ... file 'standard.bbx' found.

(/usr/share/texmf-dist/tex/latex/biblatex/bbx/standard.bbx
File: standard.bbx 2025/07/10 v3.21 biblatex bibliography style (PK/MW)
\c@bbx:relatedcount=\count454
\c@bbx:relatedtotal=\count455
))
Package biblatex Info: Trying to load citation style 'numeric'...
Package biblatex Info: ... file 'numeric.cbx' found.

(/usr/share/texmf-dist/tex/latex/biblatex/cbx/numeric.cbx
File: numeric.cbx 2025/07/10 v3.21 biblatex citation style (PK/MW)
Package biblatex Info: Redefining '\cite'.
Package biblatex Info: Redefining '\parencite'.
Package biblatex Info: Redefining '\footcite'.
Package biblatex Info: Redefining '\footcitetext'.
Package biblatex Info: Redefining '\smartcite'.
Package biblatex Info: Redefining '\supercite'.
Package biblatex Info: Redefining '\textcite'.
Package biblatex Info: Redefining '\textcites'.
Package biblatex Info: Redefining '\cites'.
Package biblatex Info: Redefining '\parencites'.
Package biblatex Info: Redefining '\smartcites'.
)
Package biblatex Info: Trying to load configuration file...
Package biblatex Info: ... file 'biblatex.cfg' found.

(/usr/share/texmf-dist/tex/latex/biblatex/biblatex.cfg
File: biblatex.cfg 
)
Package biblatex Info: Input encoding 'utf8' detected.
Package biblatex Info: Document encoding is UTF8 ....

(/usr/share/texmf-dist/tex/latex/l3kernel/expl3.sty
Package: expl3 2026-01-19 L3 programming layer (loader) 

(/usr/share/texmf-dist/tex/latex/l3backend/l3backend-pdftex.def
File: l3backend-pdftex.def 2025-10-09 L3 backend support: PDF output (pdfTeX)
\l__color_backend_stack_int=\count456
))
Package biblatex Info: ... and expl3
(biblatex)             2026-01-19 L3 programming layer (loader) 
(biblatex)             is new enough (at least 2020/04/06),
(biblatex)             setting 'casechanger=expl3'.

(/usr/share/texmf-dist/tex/latex/biblatex/blx-case-expl3.sty
(/usr/share/texmf-dist/tex/latex/l3packages/xparse/xparse.sty
Package: xparse 2025-10-09 L3 Experimental document command parser
)
Package: blx-case-expl3 2025/07/10 v3.21 expl3 case changing code for biblatex
))
(/usr/share/texmf-dist/tex/latex/fancyhdr/fancyhdr.sty
Package: fancyhdr 2025/02/07 v5.2 Extensive control of page headers and footers

\f@nch@headwidth=\skip85
\f@nch@offset@elh=\skip86
\f@nch@offset@erh=\skip87
\f@nch@offset@olh=\skip88
\f@nch@offset@orh=\skip89
\f@nch@offset@elf=\skip90
\f@nch@offset@erf=\skip91
\f@nch@offset@olf=\skip92
\f@nch@offset@orf=\skip93
\f@nch@height=\skip94
\f@nch@footalignment=\skip95
\f@nch@widthL=\skip96
\f@nch@widthC=\skip97
\f@nch@widthR=\skip98
\@temptokenb=\toks34
)
\@quotelevel=\count457
\@quotereset=\count458
LaTeX Font Info:    Trying to load font information for T1+lmr on input line 77
.

(/usr/share/texmf-dist/tex/latex/lm/t1lmr.fd
File: t1lmr.fd 2015/05/01 v1.6.1 Font defs for Latin Modern
) (./interim_report.aux)
\openout1 = `interim_report.aux'.

LaTeX Font Info:    Checking defaults for OML/cmm/m/it on input line 77.
LaTeX Font Info:    ... okay on input line 77.
LaTeX Font Info:    Checking defaults for OMS/cmsy/m/n on input line 77.
LaTeX Font Info:    ... okay on input line 77.
LaTeX Font Info:    Checking defaults for OT1/cmr/m/n on input line 77.
LaTeX Font Info:    ... okay on input line 77.
LaTeX Font Info:    Checking defaults for T1/cmr/m/n on input line 77.
LaTeX Font Info:    ... okay on input line 77.
LaTeX Font Info:    Checking defaults for TS1/cmr/m/n on input line 77.
LaTeX Font Info:    ... okay on input line 77.
LaTeX Font Info:    Checking defaults for OMX/cmex/m/n on input line 77.
LaTeX Font Info:    ... okay on input line 77.
LaTeX Font Info:    Checking defaults for U/cmr/m/n on input line 77.
LaTeX Font Info:    ... okay on input line 77.
LaTeX Font Info:    Checking defaults for PD1/pdf/m/n on input line 77.
LaTeX Font Info:    ... okay on input line 77.
LaTeX Font Info:    Checking defaults for PU/pdf/m/n on input line 77.
LaTeX Font Info:    ... okay on input line 77.

*geometry* driver: auto-detecting
*geometry* detected driver: pdftex
*geometry* verbose mode - [ preamble ] result:
* driver: pdftex
* paper: a4paper
* layout: <same size as paper>
* layoutoffset:(h,v)=(0.0pt,0.0pt)
* modes: 
* h-part:(L,W,R)=(90.3375pt, 434.90039pt, 72.26999pt)
* v-part:(T,H,B)=(72.26999pt, 700.50687pt, 72.26999pt)
* \paperwidth=597.50787pt
* \paperheight=845.04684pt
* \textwidth=434.90039pt
* \textheight=700.50687pt
* \oddsidemargin=18.0675pt
* \evensidemargin=18.0675pt
* \topmargin=-37.0pt
* \headheight=15.0pt
* \headsep=25.0pt
* \topskip=12.0pt
* \footskip=30.0pt
* \marginparwidth=35.0pt
* \marginparsep=10.0pt
* \columnsep=10.0pt
* \skip\footins=10.8pt plus 4.0pt minus 2.0pt
* \hoffset=0.0pt
* \voffset=0.0pt
* \mag=1000
* \@twocolumnfalse
* \@twosidefalse
* \@mparswitchfalse
* \@reversemarginfalse
* (1in=72.27pt=25.4mm, 1cm=28.453pt)

LaTeX Info: Redefining \microtypecontext on input line 77.
Package microtype Info: Applying patch `item' on input line 77.
Package microtype Info: Applying patch `toc' on input line 77.
Package microtype Info: Applying patch `eqnum' on input line 77.
Package microtype Info: Applying patch `footnote' on input line 77.
Package microtype Info: Applying patch `verbatim' on input line 77.
LaTeX Info: Redefining \microtypesetup on input line 77.
Package microtype Info: Generating PDF output.
Package microtype Info: Character protrusion enabled (level 2).
Package microtype Info: Using default protrusion set `alltext'.
Package microtype Info: Automatic font expansion enabled (level 2),
(microtype)             stretch: 20, shrink: 20, step: 1, non-selected.
Package microtype Info: Using default expansion set `alltext-nott'.
Package microtype Info: Patching command `\showhyphens'.
Package microtype Info: No adjustment of tracking.
Package microtype Info: No adjustment of interword spacing.
Package microtype Info: No adjustment of character kerning.
(/usr/share/texmf-dist/tex/latex/microtype/mt-cmr.cfg
File: mt-cmr.cfg 2013/05/19 v2.2 microtype config. file: Computer Modern Roman 
(RS)
)
(/usr/share/texmf-dist/tex/context/base/mkii/supp-pdf.mkii
[Loading MPS to PDF converter (version 2006.09.02).]
\scratchcounter=\count459
\scratchdimen=\dimen259
\scratchbox=\box66
\nofMPsegments=\count460
\nofMParguments=\count461
\everyMPshowfont=\toks35
\MPscratchCnt=\count462
\MPscratchDim=\dimen260
\MPnumerator=\count463
\makeMPintoPDFobject=\count464
\everyMPtoPDFconversion=\toks36
) (/usr/share/texmf-dist/tex/latex/epstopdf-pkg/epstopdf-base.sty
Package: epstopdf-base 2020-01-24 v2.11 Base part for package epstopdf
Package epstopdf-base Info: Redefining graphics rule for `.eps' on input line 4
85.

(/usr/share/texmf-dist/tex/latex/latexconfig/epstopdf-sys.cfg
File: epstopdf-sys.cfg 2010/07/13 v1.3 Configuration of (r)epstopdf for TeX Liv
e
))
Package caption Info: Begin \AtBeginDocument code.
Package caption Info: hyperref package is loaded.
Package caption Info: End \AtBeginDocument code.
Package hyperref Info: Link coloring OFF on input line 77.

(./interim_report.out) (./interim_report.out)
\@outlinefile=\write4
\openout4 = `interim_report.out'.

Package biblatex Info: Trying to load language 'english'...
Package biblatex Info: ... file 'english.lbx' found.

(/usr/share/texmf-dist/tex/latex/biblatex/lbx/english.lbx
File: english.lbx 2025/07/10 v3.21 biblatex localization (PK/MW)
)
Package biblatex Info: Input encoding 'utf8' detected.
Package biblatex Info: Automatic encoding selection.
(biblatex)             Assuming data encoding 'utf8'.
\openout3 = `interim_report.bcf'.

Package biblatex Info: Trying to load bibliographic data...
Package biblatex Info: ... file 'interim_report.bbl' found.

(./interim_report.bbl)
Package biblatex Info: Reference section=0 on input line 77.
Package biblatex Info: Reference segment=0 on input line 77.
LaTeX Font Info:    Trying to load font information for OT1+lmr on input line 8
9.
 (/usr/share/texmf-dist/tex/latex/lm/ot1lmr.fd
File: ot1lmr.fd 2015/05/01 v1.6.1 Font defs for Latin Modern
)
LaTeX Font Info:    Trying to load font information for OML+lmm on input line 8
9.

(/usr/share/texmf-dist/tex/latex/lm/omllmm.fd
File: omllmm.fd 2015/05/01 v1.6.1 Font defs for Latin Modern
)
LaTeX Font Info:    Trying to load font information for OMS+lmsy on input line 
89.

(/usr/share/texmf-dist/tex/latex/lm/omslmsy.fd
File: omslmsy.fd 2015/05/01 v1.6.1 Font defs for Latin Modern
)
LaTeX Font Info:    Trying to load font information for OMX+lmex on input line 
89.

(/usr/share/texmf-dist/tex/latex/lm/omxlmex.fd
File: omxlmex.fd 2015/05/01 v1.6.1 Font defs for Latin Modern
)
LaTeX Font Info:    External font `lmex10' loaded for size
(Font)              <12> on input line 89.
LaTeX Font Info:    External font `lmex10' loaded for size
(Font)              <8> on input line 89.
LaTeX Font Info:    External font `lmex10' loaded for size
(Font)              <6> on input line 89.
LaTeX Font Info:    Trying to load font information for U+msa on input line 89.


(/usr/share/texmf-dist/tex/latex/amsfonts/umsa.fd
File: umsa.fd 2013/01/14 v3.01 AMS symbols A
)
(/usr/share/texmf-dist/tex/latex/microtype/mt-msa.cfg
File: mt-msa.cfg 2006/02/04 v1.1 microtype config. file: AMS symbols (a) (RS)
)
LaTeX Font Info:    Trying to load font information for U+msb on input line 89.


(/usr/share/texmf-dist/tex/latex/amsfonts/umsb.fd
File: umsb.fd 2013/01/14 v3.01 AMS symbols B
)
(/usr/share/texmf-dist/tex/latex/microtype/mt-msb.cfg
File: mt-msb.cfg 2005/06/01 v1.0 microtype config. file: AMS symbols (b) (RS)
) [1

{/var/lib/texmf/fonts/map/pdftex/updmap/pdftex.map}{/usr/share/texmf-dist/fonts
/enc/dvips/lm/lm-ec.enc}] [1

] (./interim_report.toc [2

])
\tf@toc=\write5
\openout5 = `interim_report.toc'.

 [3]
Chapter 1.

pdfTeX warning (ext4): destination with the same identifier (name{page.1}) has 
been already used, duplicate ignored
<to be read again> 
                   \relax 
l.151 \subsection
                 {Issue 2: Semantic Gap in Software Quality Metrics} [1


]
Package microtype Info: Character `029' is missing
(microtype)             in font `T1/lmr/m/sc/12'.
(microtype)             Ignoring protrusion settings for this character.

[2] (/usr/share/texmf-dist/tex/latex/lm/t1lmtt.fd) [3] [4]
Chapter 2.
[5

{/usr/share/texmf-dist/fonts/enc/dvips/lm/lm-rm.enc}{/usr/share/texmf-dist/font
s/enc/dvips/lm/lm-mathsy.enc}{/usr/share/texmf-dist/fonts/enc/dvips/lm/lm-mathi
t.enc}] [6]
Chapter 3.
[7

] [8]
Chapter 4.
[9

]
LaTeX Font Info:    Trying to load font information for TS1+lmr on input line 2
60.
 (/usr/share/texmf-dist/tex/latex/lm/ts1lmr.fd
File: ts1lmr.fd 2015/05/01 v1.6.1 Font defs for Latin Modern
) [10{/usr/share/texmf-dist/fonts/enc/dvips/lm/lm-ts1.enc}] [11] [12{/usr/share
/texmf-dist/fonts/enc/dvips/lm/lm-mathex.enc}]
LaTeX Font Info:    External font `lmex10' loaded for size
(Font)              <10.95> on input line 361.
 [13]
ignored: Infinite glue shrinkage found in box being split [14] [15]
Chapter 5.

ignored: Infinite glue shrinkage found in box being split [16

] [17] [18] [19] [20]
Chapter 6.
[21

] [22] [23]
Appendix A.
<figures/dkist/line-chart.png, id=463, 455.301pt x 339.669pt>
File: figures/dkist/line-chart.png Graphic file (type png)
<use figures/dkist/line-chart.png>
Package pdftex.def Info: figures/dkist/line-chart.png  used on input line 536.
(pdftex.def)             Requested size: 281.70012pt x 210.15723pt.
<figures/dkist/heatmap.png, id=465, 547.0839pt x 426.393pt>
File: figures/dkist/heatmap.png Graphic file (type png)
<use figures/dkist/heatmap.png>
Package pdftex.def Info: figures/dkist/heatmap.png  used on input line 536.
(pdftex.def)             Requested size: 204.40465pt x 159.31142pt.
<figures/dkist/scatter-plots.png, id=466, 535.5207pt x 556.479pt>
File: figures/dkist/scatter-plots.png Graphic file (type png)
<use figures/dkist/scatter-plots.png>
Package pdftex.def Info: figures/dkist/scatter-plots.png  used on input line 53
6.
(pdftex.def)             Requested size: 168.52647pt x 175.12198pt.
<figures/fastapi-cli/line-chart.png, id=467, 455.301pt x 339.669pt>
File: figures/fastapi-cli/line-chart.png Graphic file (type png)
<use figures/fastapi-cli/line-chart.png>
Package pdftex.def Info: figures/fastapi-cli/line-chart.png  used on input line
 537.
(pdftex.def)             Requested size: 281.70012pt x 210.15723pt.
<figures/fastapi-cli/heatmap.png, id=468, 547.0839pt x 426.393pt>
File: figures/fastapi-cli/heatmap.png Graphic file (type png)
<use figures/fastapi-cli/heatmap.png>
Package pdftex.def Info: figures/fastapi-cli/heatmap.png  used on input line 53
7.
(pdftex.def)             Requested size: 204.40465pt x 159.31142pt.
<figures/fastapi-cli/scatter-plot.png, id=469, 534.798pt x 556.479pt>
File: figures/fastapi-cli/scatter-plot.png Graphic file (type png)
<use figures/fastapi-cli/scatter-plot.png>
Package pdftex.def Info: figures/fastapi-cli/scatter-plot.png  used on input li
ne 537.
(pdftex.def)             Requested size: 168.29904pt x 175.12198pt.
<figures/flask/line-chart.png, id=470, 455.0601pt x 339.1872pt>
File: figures/flask/line-chart.png Graphic file (type png)
<use figures/flask/line-chart.png>
Package pdftex.def Info: figures/flask/line-chart.png  used on input line 538.
(pdftex.def)             Requested size: 281.95381pt x 210.15932pt.
<figures/flask/heatmap.png, id=471, 546.843pt x 425.9112pt>
File: figures/flask/heatmap.png Graphic file (type png)
<use figures/flask/heatmap.png>
Package pdftex.def Info: figures/flask/heatmap.png  used on input line 538.
(pdftex.def)             Requested size: 204.40643pt x 159.20288pt.
<figures/flask/scatter-plot.png, id=472, 535.2798pt x 556.7199pt>
File: figures/flask/scatter-plot.png Graphic file (type png)
<use figures/flask/scatter-plot.png>
Package pdftex.def Info: figures/flask/scatter-plot.png  used on input line 538
.
(pdftex.def)             Requested size: 168.38533pt x 175.12984pt.
<figures/itsdangerous/line-chart.png, id=473, 455.0601pt x 339.1872pt>
File: figures/itsdangerous/line-chart.png Graphic file (type png)
<use figures/itsdangerous/line-chart.png>
Package pdftex.def Info: figures/itsdangerous/line-chart.png  used on input lin
e 539.
(pdftex.def)             Requested size: 281.95381pt x 210.15932pt.
<figures/itsdangerous/heatmap.png, id=474, 546.843pt x 425.9112pt>
File: figures/itsdangerous/heatmap.png Graphic file (type png)
<use figures/itsdangerous/heatmap.png>
Package pdftex.def Info: figures/itsdangerous/heatmap.png  used on input line 5
39.
(pdftex.def)             Requested size: 204.40643pt x 159.20288pt.
<figures/itsdangerous/scatter-plot.png, id=475, 535.0389pt x 556.7199pt>
File: figures/itsdangerous/scatter-plot.png Graphic file (type png)
<use figures/itsdangerous/scatter-plot.png>
Package pdftex.def Info: figures/itsdangerous/scatter-plot.png  used on input l
ine 539.
(pdftex.def)             Requested size: 168.30954pt x 175.12984pt.
<figures/markupsafe/line-chart.png, id=476, 455.0601pt x 339.1872pt>
File: figures/markupsafe/line-chart.png Graphic file (type png)
<use figures/markupsafe/line-chart.png>
Package pdftex.def Info: figures/markupsafe/line-chart.png  used on input line 
540.
(pdftex.def)             Requested size: 281.95381pt x 210.15932pt.
<figures/markupsafe/heatmap.png, id=477, 546.843pt x 425.9112pt>
File: figures/markupsafe/heatmap.png Graphic file (type png)
<use figures/markupsafe/heatmap.png>
Package pdftex.def Info: figures/markupsafe/heatmap.png  used on input line 540
.
(pdftex.def)             Requested size: 204.40643pt x 159.20288pt.
<figures/markupsafe/scatter-plot.png, id=478, 534.5571pt x 556.7199pt>
File: figures/markupsafe/scatter-plot.png Graphic file (type png)
<use figures/markupsafe/scatter-plot.png>
Package pdftex.def Info: figures/markupsafe/scatter-plot.png  used on input lin
e 540.
(pdftex.def)             Requested size: 168.15799pt x 175.12984pt.
<figures/phc_scores/line-chart.png, id=479, 455.0601pt x 339.1872pt>
File: figures/phc_scores/line-chart.png Graphic file (type png)
<use figures/phc_scores/line-chart.png>
Package pdftex.def Info: figures/phc_scores/line-chart.png  used on input line 
541.
(pdftex.def)             Requested size: 281.95381pt x 210.15932pt.
<figures/phc_scores/heatmap.png, id=480, 546.843pt x 425.9112pt>
File: figures/phc_scores/heatmap.png Graphic file (type png)
<use figures/phc_scores/heatmap.png>
Package pdftex.def Info: figures/phc_scores/heatmap.png  used on input line 541
.
(pdftex.def)             Requested size: 204.40643pt x 159.20288pt.
<figures/phc_scores/scatter-plot.png, id=481, 535.2798pt x 556.7199pt>
File: figures/phc_scores/scatter-plot.png Graphic file (type png)
<use figures/phc_scores/scatter-plot.png>
Package pdftex.def Info: figures/phc_scores/scatter-plot.png  used on input lin
e 541.
(pdftex.def)             Requested size: 168.38533pt x 175.12984pt.
<figures/pyevolve_scores/line-chart.png, id=482, 455.0601pt x 339.1872pt>
File: figures/pyevolve_scores/line-chart.png Graphic file (type png)
<use figures/pyevolve_scores/line-chart.png>
Package pdftex.def Info: figures/pyevolve_scores/line-chart.png  used on input 
line 542.
(pdftex.def)             Requested size: 281.95381pt x 210.15932pt.
<figures/pyevolve_scores/heatmap.png, id=483, 546.843pt x 425.9112pt>
File: figures/pyevolve_scores/heatmap.png Graphic file (type png)
<use figures/pyevolve_scores/heatmap.png>
Package pdftex.def Info: figures/pyevolve_scores/heatmap.png  used on input lin
e 542.
(pdftex.def)             Requested size: 204.40643pt x 159.20288pt.
<figures/pyevolve_scores/scatter-plot.png, id=484, 539.3751pt x 556.7199pt>
File: figures/pyevolve_scores/scatter-plot.png Graphic file (type png)
<use figures/pyevolve_scores/scatter-plot.png>
Package pdftex.def Info: figures/pyevolve_scores/scatter-plot.png  used on inpu
t line 542.
(pdftex.def)             Requested size: 169.67361pt x 175.12984pt.
<figures/qpbenchmark-azure/line-chart.png, id=485, 454.5783pt x 339.1872pt>
File: figures/qpbenchmark-azure/line-chart.png Graphic file (type png)
<use figures/qpbenchmark-azure/line-chart.png>
Package pdftex.def Info: figures/qpbenchmark-azure/line-chart.png  used on inpu
t line 543.
(pdftex.def)             Requested size: 281.65527pt x 210.15932pt.
<figures/qpbenchmark-azure/heatmap.png, id=486, 546.843pt x 425.9112pt>
File: figures/qpbenchmark-azure/heatmap.png Graphic file (type png)
<use figures/qpbenchmark-azure/heatmap.png>
Package pdftex.def Info: figures/qpbenchmark-azure/heatmap.png  used on input l
ine 543.
(pdftex.def)             Requested size: 204.40643pt x 159.20288pt.
<figures/qpbenchmark-azure/scatter-plot.png, id=487, 534.798pt x 556.7199pt>
File: figures/qpbenchmark-azure/scatter-plot.png Graphic file (type png)
<use figures/qpbenchmark-azure/scatter-plot.png>
Package pdftex.def Info: figures/qpbenchmark-azure/scatter-plot.png  used on in
put line 543.
(pdftex.def)             Requested size: 168.23376pt x 175.12984pt.
<figures/requests/line-chart.png, id=488, 455.0601pt x 339.1872pt>
File: figures/requests/line-chart.png Graphic file (type png)
<use figures/requests/line-chart.png>
Package pdftex.def Info: figures/requests/line-chart.png  used on input line 54
4.
(pdftex.def)             Requested size: 281.95381pt x 210.15932pt.
<figures/requests/heatmap.png, id=489, 546.843pt x 425.9112pt>
File: figures/requests/heatmap.png Graphic file (type png)
<use figures/requests/heatmap.png>
Package pdftex.def Info: figures/requests/heatmap.png  used on input line 544.
(pdftex.def)             Requested size: 204.40643pt x 159.20288pt.
<figures/requests/scatter-plot.png, id=490, 534.798pt x 556.7199pt>
File: figures/requests/scatter-plot.png Graphic file (type png)
<use figures/requests/scatter-plot.png>
Package pdftex.def Info: figures/requests/scatter-plot.png  used on input line 
544.
(pdftex.def)             Requested size: 168.23376pt x 175.12984pt.
<figures/sloppy-xml_scores/line-chart.png, id=491, 455.0601pt x 339.1872pt>
File: figures/sloppy-xml_scores/line-chart.png Graphic file (type png)
<use figures/sloppy-xml_scores/line-chart.png>
Package pdftex.def Info: figures/sloppy-xml_scores/line-chart.png  used on inpu
t line 545.
(pdftex.def)             Requested size: 281.95381pt x 210.15932pt.
<figures/sloppy-xml_scores/heatmap.png, id=492, 546.843pt x 425.9112pt>
File: figures/sloppy-xml_scores/heatmap.png Graphic file (type png)
<use figures/sloppy-xml_scores/heatmap.png>
Package pdftex.def Info: figures/sloppy-xml_scores/heatmap.png  used on input l
ine 545.
(pdftex.def)             Requested size: 204.40643pt x 159.20288pt.
<figures/sloppy-xml_scores/scatter-plot.png, id=493, 535.0389pt x 556.7199pt>
File: figures/sloppy-xml_scores/scatter-plot.png Graphic file (type png)
<use figures/sloppy-xml_scores/scatter-plot.png>
Package pdftex.def Info: figures/sloppy-xml_scores/scatter-plot.png  used on in
put line 545.
(pdftex.def)             Requested size: 168.30954pt x 175.12984pt.
<figures/td-client-python/line-chart.png, id=494, 455.0601pt x 339.1872pt>
File: figures/td-client-python/line-chart.png Graphic file (type png)
<use figures/td-client-python/line-chart.png>
Package pdftex.def Info: figures/td-client-python/line-chart.png  used on input
 line 546.
(pdftex.def)             Requested size: 281.95381pt x 210.15932pt.
<figures/td-client-python/heatmap.png, id=495, 546.843pt x 425.9112pt>
File: figures/td-client-python/heatmap.png Graphic file (type png)
<use figures/td-client-python/heatmap.png>
Package pdftex.def Info: figures/td-client-python/heatmap.png  used on input li
ne 546.
(pdftex.def)             Requested size: 204.40643pt x 159.20288pt.
<figures/td-client-python/scatter-plot.png, id=496, 537.6888pt x 556.7199pt>
File: figures/td-client-python/scatter-plot.png Graphic file (type png)
<use figures/td-client-python/scatter-plot.png>
Package pdftex.def Info: figures/td-client-python/scatter-plot.png  used on inp
ut line 546.
(pdftex.def)             Requested size: 169.14314pt x 175.12984pt.
<figures/typer-cli/line-chart.png, id=497, 455.0601pt x 339.1872pt>
File: figures/typer-cli/line-chart.png Graphic file (type png)
<use figures/typer-cli/line-chart.png>
Package pdftex.def Info: figures/typer-cli/line-chart.png  used on input line 5
47.
(pdftex.def)             Requested size: 281.95381pt x 210.15932pt.
<figures/typer-cli/heatmap.png, id=498, 546.843pt x 425.9112pt>
File: figures/typer-cli/heatmap.png Graphic file (type png)
<use figures/typer-cli/heatmap.png>
Package pdftex.def Info: figures/typer-cli/heatmap.png  used on input line 547.

(pdftex.def)             Requested size: 204.40643pt x 159.20288pt.
<figures/typer-cli/scatter-plot.png, id=499, 534.798pt x 556.7199pt>
File: figures/typer-cli/scatter-plot.png Graphic file (type png)
<use figures/typer-cli/scatter-plot.png>
Package pdftex.def Info: figures/typer-cli/scatter-plot.png  used on input line
 547.
(pdftex.def)             Requested size: 168.23376pt x 175.12984pt.
[24

] [25 <./figures/dkist/line-chart.png> <./figures/dkist/heatmap.png> <./figures
/dkist/scatter-plots.png>] [26 <./figures/fastapi-cli/line-chart.png> <./figure
s/fastapi-cli/heatmap.png> <./figures/fastapi-cli/scatter-plot.png>]
[27 <./figures/flask/line-chart.png> <./figures/flask/heatmap.png> <./figures/f
lask/scatter-plot.png>] [28 <./figures/itsdangerous/line-chart.png> <./figures/
itsdangerous/heatmap.png> <./figures/itsdangerous/scatter-plot.png>] [29 <./fig
ures/markupsafe/line-chart.png> <./figures/markupsafe/heatmap.png> <./figures/m
arkupsafe/scatter-plot.png>] [30 <./figures/phc_scores/line-chart.png> <./figur
es/phc_scores/heatmap.png> <./figures/phc_scores/scatter-plot.png>] [31 <./figu
res/pyevolve_scores/line-chart.png> <./figures/pyevolve_scores/heatmap.png> <./
figures/pyevolve_scores/scatter-plot.png>] [32 <./figures/qpbenchmark-azure/lin
e-chart.png> <./figures/qpbenchmark-azure/heatmap.png> <./figures/qpbenchmark-a
zure/scatter-plot.png>] [33 <./figures/requests/line-chart.png> <./figures/requ
ests/heatmap.png> <./figures/requests/scatter-plot.png>] [34 <./figures/sloppy-
xml_scores/line-chart.png> <./figures/sloppy-xml_scores/heatmap.png> <./figures
/sloppy-xml_scores/scatter-plot.png>] [35 <./figures/td-client-python/line-char
t.png> <./figures/td-client-python/heatmap.png> <./figures/td-client-python/sca
tter-plot.png>] [36 <./figures/typer-cli/line-chart.png> <./figures/typer-cli/h
eatmap.png> <./figures/typer-cli/scatter-plot.png>]
Appendix B.
<figures/dkist/arima-forecasting.png, id=602, 1004.7939pt x 425.9112pt>
File: figures/dkist/arima-forecasting.png Graphic file (type png)
<use figures/dkist/arima-forecasting.png>
Package pdftex.def Info: figures/dkist/arima-forecasting.png  used on input lin
e 556.
(pdftex.def)             Requested size: 434.9047pt x 184.34703pt.
<figures/fastapi-cli/arima-forecasting.png, id=603, 1004.553pt x 425.9112pt>
File: figures/fastapi-cli/arima-forecasting.png Graphic file (type png)
<use figures/fastapi-cli/arima-forecasting.png>
Package pdftex.def Info: figures/fastapi-cli/arima-forecasting.png  used on inp
ut line 558.
(pdftex.def)             Requested size: 434.90771pt x 184.39252pt.
<figures/flask/arima-forecasting.png, id=604, 1004.553pt x 425.9112pt>
File: figures/flask/arima-forecasting.png Graphic file (type png)
<use figures/flask/arima-forecasting.png>
Package pdftex.def Info: figures/flask/arima-forecasting.png  used on input lin
e 564.
(pdftex.def)             Requested size: 434.90771pt x 184.39252pt.
<figures/itsdangerous/arima-forecasting.png, id=605, 1004.553pt x 425.9112pt>
File: figures/itsdangerous/arima-forecasting.png Graphic file (type png)
<use figures/itsdangerous/arima-forecasting.png>
Package pdftex.def Info: figures/itsdangerous/arima-forecasting.png  used on in
put line 566.
(pdftex.def)             Requested size: 434.90771pt x 184.39252pt.
<figures/markupsafe/arima-forecasting.png, id=606, 1004.553pt x 425.9112pt>
File: figures/markupsafe/arima-forecasting.png Graphic file (type png)
<use figures/markupsafe/arima-forecasting.png>
Package pdftex.def Info: figures/markupsafe/arima-forecasting.png  used on inpu
t line 572.
(pdftex.def)             Requested size: 434.90771pt x 184.39252pt.
<figures/phc_scores/arima-forecasting.png, id=607, 1004.553pt x 425.9112pt>
File: figures/phc_scores/arima-forecasting.png Graphic file (type png)
<use figures/phc_scores/arima-forecasting.png>
Package pdftex.def Info: figures/phc_scores/arima-forecasting.png  used on inpu
t line 574.
(pdftex.def)             Requested size: 434.90771pt x 184.39252pt.
<figures/pyevolve_scores/arima-forecasting.png, id=608, 1004.553pt x 425.9112pt
>
File: figures/pyevolve_scores/arima-forecasting.png Graphic file (type png)
<use figures/pyevolve_scores/arima-forecasting.png>
Package pdftex.def Info: figures/pyevolve_scores/arima-forecasting.png  used on
 input line 580.
(pdftex.def)             Requested size: 434.90771pt x 184.39252pt.
<figures/qpbenchmark-azure/arima-forecasting.png, id=609, 1002.6258pt x 425.911
2pt>
File: figures/qpbenchmark-azure/arima-forecasting.png Graphic file (type png)
<use figures/qpbenchmark-azure/arima-forecasting.png>
Package pdftex.def Info: figures/qpbenchmark-azure/arima-forecasting.png  used 
on input line 582.
(pdftex.def)             Requested size: 434.8995pt x 184.74345pt.
<figures/requests/arima-forecasting.png, id=610, 1004.553pt x 425.9112pt>
File: figures/requests/arima-forecasting.png Graphic file (type png)
<use figures/requests/arima-forecasting.png>
Package pdftex.def Info: figures/requests/arima-forecasting.png  used on input 
line 588.
(pdftex.def)             Requested size: 434.90771pt x 184.39252pt.
<figures/sloppy-xml_scores/arima-forecasting.png, id=611, 1004.7939pt x 425.911
2pt>
File: figures/sloppy-xml_scores/arima-forecasting.png Graphic file (type png)
<use figures/sloppy-xml_scores/arima-forecasting.png>
Package pdftex.def Info: figures/sloppy-xml_scores/arima-forecasting.png  used 
on input line 590.
(pdftex.def)             Requested size: 434.9047pt x 184.34703pt.
<figures/td-client-python/arima-forecasting.png, id=612, 1004.553pt x 425.9112p
t>
File: figures/td-client-python/arima-forecasting.png Graphic file (type png)
<use figures/td-client-python/arima-forecasting.png>
Package pdftex.def Info: figures/td-client-python/arima-forecasting.png  used o
n input line 596.
(pdftex.def)             Requested size: 434.90771pt x 184.39252pt.
<figures/typer-cli/arima-forecasting.png, id=613, 1004.553pt x 425.9112pt>
File: figures/typer-cli/arima-forecasting.png Graphic file (type png)
<use figures/typer-cli/arima-forecasting.png>
Package pdftex.def Info: figures/typer-cli/arima-forecasting.png  used on input
 line 598.
(pdftex.def)             Requested size: 434.90771pt x 184.39252pt.
[37


] [38 <./figures/dkist/arima-forecasting.png> <./figures/fastapi-cli/arima-fore
casting.png>] [39 <./figures/flask/arima-forecasting.png> <./figures/itsdangero
us/arima-forecasting.png>] [40 <./figures/markupsafe/arima-forecasting.png> <./
figures/phc_scores/arima-forecasting.png>] [41 <./figures/pyevolve_scores/arima
-forecasting.png> <./figures/qpbenchmark-azure/arima-forecasting.png>]
[42 <./figures/requests/arima-forecasting.png> <./figures/sloppy-xml_scores/ari
ma-forecasting.png>] [43 <./figures/td-client-python/arima-forecasting.png> <./
figures/typer-cli/arima-forecasting.png>]
Underfull \hbox (badness 1092) in paragraph at lines 603--603
[]\T1/lmr/m/it/12 (+20) A soft-ware ser-vice sup-port-ing soft-ware qual-ity fo
re-cast-ing\T1/lmr/m/n/12 (+20) . \T1/lmr/m/sc/12 (+20) url\T1/lmr/m/n/12 (+20)
 : []$\T1/lmtt/m/n/12 https :
 []

[44


] [45] (./interim_report.aux)
 ***********
LaTeX2e <2025-11-01>
L3 programming layer <2026-01-19>
 ***********
Package rerunfilecheck Info: File `interim_report.out' has not changed.
(rerunfilecheck)             Checksum: A1BE64E201D8109EFF9ACF6334FC7006;9715.
Package logreq Info: Writing requests to 'interim_report.run.xml'.
\openout1 = `interim_report.run.xml'.

 ) 
Here is how much of TeX's memory you used:
 23827 strings out of 469515
 419416 string characters out of 5470807
 1283712 words of memory out of 5000000
 51780 multiletter control sequences out of 15000+600000
 724638 words of font info for 222 fonts, out of 8000000 for 9000
 14 hyphenation exceptions out of 8191
 75i,12n,79p,1207b,1505s stack positions out of 10000i,1000n,20000p,200000b,200000s
</usr/share/texmf-dist/fonts/type1/public/lm/lmbx10.pfb></usr/share/texmf-dis
t/fonts/type1/public/lm/lmbx12.pfb></usr/share/texmf-dist/fonts/type1/public/lm
/lmcsc10.pfb></usr/share/texmf-dist/fonts/type1/public/lm/lmex10.pfb></usr/shar
e/texmf-dist/fonts/type1/public/lm/lmmi10.pfb></usr/share/texmf-dist/fonts/type
1/public/lm/lmmi12.pfb></usr/share/texmf-dist/fonts/type1/public/lm/lmmi6.pfb><
/usr/share/texmf-dist/fonts/type1/public/lm/lmmi8.pfb></usr/share/texmf-dist/fo
nts/type1/public/lm/lmr10.pfb></usr/share/texmf-dist/fonts/type1/public/lm/lmr1
2.pfb></usr/share/texmf-dist/fonts/type1/public/lm/lmr8.pfb></usr/share/texmf-d
ist/fonts/type1/public/lm/lmri12.pfb></usr/share/texmf-dist/fonts/type1/public/
lm/lmsy10.pfb></usr/share/texmf-dist/fonts/type1/public/lm/lmsy6.pfb></usr/shar
e/texmf-dist/fonts/type1/public/lm/lmsy8.pfb></usr/share/texmf-dist/fonts/type1
/public/lm/lmtt10.pfb></usr/share/texmf-dist/fonts/type1/public/lm/lmtt12.pfb>
Output written on interim_report.pdf (49 pages, 10671771 bytes).
PDF statistics:
 825 PDF objects out of 1000 (max. 8388607)
 634 compressed objects within 7 object streams
 166 named destinations out of 1000 (max. 500000)
 54881 words of extra memory for PDF output out of 61914 (max. 10000000)

